{
  "critical_s": 183931.21171546692,
  "critical_h": 51.092003254296365,
  "critical_display_h": 51.092,
  "execution_s": 183931.56,
  "execution_h": 51.0921,
  "execution_max_C": 0.14999982116130192,
  "actual_margin_s": 0.34828453307272866,
  "empirical_budget_s": 0.129,
  "budget_rule": "ceil(2*max(recorded discrepancies), 0.001 s)",
  "budget_is_rigorous_bound": false,
  "discrepancies": {
    "spectral80_to_main_s": 2.0576408132910728e-07,
    "same_n_time_method_change_s": 0.0006089185480959713,
    "independent_fv_extrapolation_to_main_s": 0.012868974154116586,
    "independent_fv_temporal_change_s": 0.06414164174930193,
    "independent_fv_last_spatial_correction_s": 0.0498685467755422
  },
  "fv_extrapolated_root_s": 183931.19884649277,
  "one_second_before_max_C": 0.15000051348884036,
  "one_second_after_max_C": 0.14999948651764597,
  "radius_m": 0.012,
  "length_m": 0.25,
  "domain": "0<=r<=R(t); -0.125<=z<=0.125 m",
  "source": "output/main.npz; official 1D endpoint, matched 2D applicability and whole-domain evidence are reported separately"
}
|时间/h|0 cm|0.5 cm|1 cm|1.5 cm|2 cm|药材表面|半径/cm|
|---:|---:|---:|---:|---:|---:|---:|---:|
|6.0000|1.7196|1.5378|1.0226|—|—|0.4207|1.3740|
|12.0000|0.7377|0.6546|0.4083|—|—|0.1669|1.2480|
|18.0000|0.4088|0.3687|0.2397|—|—|0.0892|1.2140|
|24.0000|0.2851|0.2611|0.1790|—|—|0.0673|1.2040|
|30.0000|0.2263|0.2094|0.1493|—|—|0.0595|1.2010|
|36.0000|0.1928|0.1797|0.1317|—|—|0.0560|1.2000|
|42.0000|0.1712|0.1604|0.1200|—|—|0.0541|1.2000|
|48.0000|0.1561|0.1468|0.1116|—|—|0.0530|1.2000|
|51.0921|0.1500|0.1413|0.1081|—|—|0.0526|1.2000|

“—”表示固定位置已在当前材料域外。末行轴心显示0.1500是四位舍入；未舍入最大值见end_event.json，严格小于0.15。

