perl: warning: Setting locale failed.
perl: warning: Please check that your locale settings:
	LC_ALL = "C.UTF-8",
	LC_CTYPE = "C",
	LC_NUMERIC = "C",
	LC_COLLATE = "C",
	LC_TIME = (unset),
	LC_MONETARY = (unset),
	LANG = "C.UTF-8"
    are supported and installed on your system.
perl: warning: Falling back to the system default locale ("Chinese (Simplified)_China.936").
Initial Win CP for (console input, console output, system): (CP437, CP65001, CP1252)
I changed them all to CP1252
Rc files read:
  NONE
Latexmk: This is Latexmk, John Collins, 15 June 2025. Version 4.87.
Latexmk: making output directory 'build'
No existing .aux file, so I'll make a simple one, and require run of *latex.
Latexmk: applying rule 'xelatex'...
Rule 'xelatex':  Reasons for rerun
Category 'other':
  Rerun of 'xelatex' forced or previously required:
    Reason or flag: 'Initial setup'

------------
Run number 1 of rule 'xelatex'
------------
------------
Running 'xelatex -no-pdf -interaction=nonstopmode -halt-on-error -recorder -output-directory="build"  "main.tex"'
------------
This is XeTeX, Version 3.141592653-2.6-0.999998 (TeX Live 2026) (preloaded format=xelatex)
 restricted \write18 enabled.
entering extended mode
(./main.tex
LaTeX2e <2025-11-01>
L3 programming layer <2026-01-19>
(d:/texlive/2026/texmf-dist/tex/latex/ctex/ctexart.cls
(d:/texlive/2026/texmf-dist/tex/latex/ctex/config/ctexbackend.cfg)
(d:/texlive/2026/texmf-dist/tex/latex/l3kernel/expl3.sty
(d:/texlive/2026/texmf-dist/tex/latex/l3backend/l3backend-xetex.def))
Document Class: ctexart 2022/07/14 v2.5.10 Chinese adapter for class article (C
TEX)
(d:/texlive/2026/texmf-dist/tex/latex/ctex/ctexhook.sty)
(d:/texlive/2026/texmf-dist/tex/latex/ctex/ctexpatch.sty)
(d:/texlive/2026/texmf-dist/tex/latex/base/fix-cm.sty
(d:/texlive/2026/texmf-dist/tex/latex/base/ts1enc.def))
(d:/texlive/2026/texmf-dist/tex/latex/ctex/config/ctexopts.cfg)
(d:/texlive/2026/texmf-dist/tex/latex/base/article.cls
Document Class: article 2025/01/22 v1.4n Standard LaTeX document class
(d:/texlive/2026/texmf-dist/tex/latex/base/size12.clo))
(d:/texlive/2026/texmf-dist/tex/latex/ctex/engine/ctex-engine-xetex.def
(d:/texlive/2026/texmf-dist/tex/xelatex/xecjk/xeCJK.sty
(d:/texlive/2026/texmf-dist/tex/latex/l3packages/xtemplate/xtemplate.sty)
(d:/texlive/2026/texmf-dist/tex/latex/fontspec/fontspec.sty
(d:/texlive/2026/texmf-dist/tex/latex/l3packages/xparse/xparse.sty)
(d:/texlive/2026/texmf-dist/tex/latex/fontspec/fontspec-xetex.sty
(d:/texlive/2026/texmf-dist/tex/latex/base/fontenc.sty)
(d:/texlive/2026/texmf-dist/tex/latex/fontspec/fontspec.cfg)))
(d:/texlive/2026/texmf-dist/tex/xelatex/xecjk/xeCJK.cfg)))
(d:/texlive/2026/texmf-dist/tex/latex/zhnumber/zhnumber.sty
(d:/texlive/2026/texmf-dist/tex/latex/zhnumber/zhnumber-utf8.cfg))
(d:/texlive/2026/texmf-dist/tex/latex/ctex/scheme/ctex-scheme-chinese-article.d
ef (d:/texlive/2026/texmf-dist/tex/latex/ctex/config/ctex-name-utf8.cfg))
(d:/texlive/2026/texmf-dist/tex/latex/ctex/ctex-cs4size.clo)
(d:/texlive/2026/texmf-dist/tex/latex/ctex/fontset/ctex-fontset-windows.def))
(d:/texlive/2026/texmf-dist/tex/latex/ctex/config/ctex.cfg)
(d:/texlive/2026/texmf-dist/tex/latex/geometry/geometry.sty
(d:/texlive/2026/texmf-dist/tex/latex/graphics/keyval.sty)
(d:/texlive/2026/texmf-dist/tex/generic/iftex/ifvtex.sty
(d:/texlive/2026/texmf-dist/tex/generic/iftex/iftex.sty)))
(d:/texlive/2026/texmf-dist/tex/latex/amsmath/amsmath.sty
For additional information on amsmath, use the `?' option.
(d:/texlive/2026/texmf-dist/tex/latex/amsmath/amstext.sty
(d:/texlive/2026/texmf-dist/tex/latex/amsmath/amsgen.sty))
(d:/texlive/2026/texmf-dist/tex/latex/amsmath/amsbsy.sty)
(d:/texlive/2026/texmf-dist/tex/latex/amsmath/amsopn.sty))
(d:/texlive/2026/texmf-dist/tex/latex/amsfonts/amssymb.sty
(d:/texlive/2026/texmf-dist/tex/latex/amsfonts/amsfonts.sty))
(d:/texlive/2026/texmf-dist/tex/latex/booktabs/booktabs.sty)
(d:/texlive/2026/texmf-dist/tex/latex/tools/array.sty)
(d:/texlive/2026/texmf-dist/tex/latex/tools/tabularx.sty)
(d:/texlive/2026/texmf-dist/tex/latex/tools/longtable.sty)
(d:/texlive/2026/texmf-dist/tex/latex/graphics/graphicx.sty
(d:/texlive/2026/texmf-dist/tex/latex/graphics/graphics.sty
(d:/texlive/2026/texmf-dist/tex/latex/graphics/trig.sty)
(d:/texlive/2026/texmf-dist/tex/latex/graphics-cfg/graphics.cfg)
(d:/texlive/2026/texmf-dist/tex/latex/graphics-def/xetex.def)))
(d:/texlive/2026/texmf-dist/tex/latex/enumitem/enumitem.sty)
(d:/texlive/2026/texmf-dist/tex/latex/caption/caption.sty
(d:/texlive/2026/texmf-dist/tex/latex/caption/caption3.sty)
(d:/texlive/2026/texmf-dist/tex/latex/caption/ltcaption.sty))
(d:/texlive/2026/texmf-dist/tex/latex/float/float.sty)
(d:/texlive/2026/texmf-dist/tex/latex/placeins/placeins.sty)
(d:/texlive/2026/texmf-dist/tex/latex/xcolor/xcolor.sty
(d:/texlive/2026/texmf-dist/tex/latex/graphics-cfg/color.cfg)
(d:/texlive/2026/texmf-dist/tex/latex/graphics/mathcolor.ltx))
(d:/texlive/2026/texmf-dist/tex/latex/fancyhdr/fancyhdr.sty)
(d:/texlive/2026/texmf-dist/tex/latex/fvextra/fvextra.sty
(d:/texlive/2026/texmf-dist/tex/latex/etoolbox/etoolbox.sty)
(d:/texlive/2026/texmf-dist/tex/latex/fancyvrb/fancyvrb.sty)
(d:/texlive/2026/texmf-dist/tex/latex/upquote/upquote.sty
(d:/texlive/2026/texmf-dist/tex/latex/base/textcomp.sty))
(d:/texlive/2026/texmf-dist/tex/latex/lineno/lineno.sty
(d:/texlive/2026/texmf-dist/tex/latex/kvoptions/kvoptions.sty
(d:/texlive/2026/texmf-dist/tex/generic/ltxcmds/ltxcmds.sty)
(d:/texlive/2026/texmf-dist/tex/latex/kvsetkeys/kvsetkeys.sty))))
(d:/texlive/2026/texmf-dist/tex/latex/needspace/needspace.sty)
(d:/texlive/2026/texmf-dist/tex/latex/xurl/xurl.sty
(d:/texlive/2026/texmf-dist/tex/latex/url/url.sty))
(d:/texlive/2026/texmf-dist/tex/latex/hyperref/hyperref.sty
(d:/texlive/2026/texmf-dist/tex/generic/kvdefinekeys/kvdefinekeys.sty)
(d:/texlive/2026/texmf-dist/tex/generic/pdfescape/pdfescape.sty
(d:/texlive/2026/texmf-dist/tex/generic/pdftexcmds/pdftexcmds.sty
(d:/texlive/2026/texmf-dist/tex/generic/infwarerr/infwarerr.sty)))
(d:/texlive/2026/texmf-dist/tex/latex/hycolor/hycolor.sty)
(d:/texlive/2026/texmf-dist/tex/latex/hyperref/nameref.sty
(d:/texlive/2026/texmf-dist/tex/latex/refcount/refcount.sty)
(d:/texlive/2026/texmf-dist/tex/generic/gettitlestring/gettitlestring.sty))
(d:/texlive/2026/texmf-dist/tex/generic/stringenc/stringenc.sty)
(d:/texlive/2026/texmf-dist/tex/latex/hyperref/pd1enc.def)
(d:/texlive/2026/texmf-dist/tex/generic/intcalc/intcalc.sty)
(d:/texlive/2026/texmf-dist/tex/latex/hyperref/puenc.def)
(d:/texlive/2026/texmf-dist/tex/generic/bitset/bitset.sty
(d:/texlive/2026/texmf-dist/tex/generic/bigintcalc/bigintcalc.sty)))
(d:/texlive/2026/texmf-dist/tex/latex/hyperref/hxetex.def
(d:/texlive/2026/texmf-dist/tex/latex/rerunfilecheck/rerunfilecheck.sty
(d:/texlive/2026/texmf-dist/tex/generic/uniquecounter/uniquecounter.sty)))
(d:/texlive/2026/texmf-dist/tex/latex/microtype/microtype.sty
(d:/texlive/2026/texmf-dist/tex/latex/microtype/microtype-xetex.def)
(d:/texlive/2026/texmf-dist/tex/latex/microtype/microtype.cfg)) (build/main.aux
)
*geometry* driver: auto-detecting
*geometry* detected driver: xetex

Package hyperref Warning: Rerun to get /PageLabels entry.

(d:/texlive/2026/texmf-dist/tex/latex/microtype/mt-LatinModernRoman.cfg)
(d:/texlive/2026/texmf-dist/tex/latex/amsfonts/umsa.fd)
(d:/texlive/2026/texmf-dist/tex/latex/microtype/mt-msa.cfg)
(d:/texlive/2026/texmf-dist/tex/latex/amsfonts/umsb.fd)
(d:/texlive/2026/texmf-dist/tex/latex/microtype/mt-msb.cfg)
(d:/texlive/2026/texmf-dist/tex/latex/microtype/mt-cmr.cfg) [1]
(./sections/problem_model.tex

LaTeX Warning: Citation `dasilva2014' on page 2 undefined on input line 19.

[2]

LaTeX Warning: Citation `adrover2020' on page 3 undefined on input line 25.


LaTeX Warning: Citation `wu2022' on page 3 undefined on input line 25.


LaTeX Warning: Reference `ass:midsection' on page 3 undefined on input line 27.



LaTeX Warning: Reference `sec:limitations' on page 3 undefined on input line 27
.

[3]

LaTeX Warning: Reference `sec:q1' on page 4 undefined on input line 84.


LaTeX Warning: Reference `sec:q4' on page 4 undefined on input line 84.


LaTeX Warning: Reference `ass:midsection' on page 4 undefined on input line 85.


[4]

LaTeX Warning: Reference `eq:heat' on page 5 undefined on input line 97.


LaTeX Warning: Reference `eq:material-balances' on page 5 undefined on input li
ne 109.


LaTeX Warning: Reference `eq:future' on page 5 undefined on input line 130.

[5]

LaTeX Warning: Reference `tab:properties' on page 6 undefined on input line 135
.


LaTeX Warning: Reference `sec:q1' on page 6 undefined on input line 155.


LaTeX Warning: Citation `dasilva2014' on page 6 undefined on input line 156.


LaTeX Warning: Citation `scipy' on page 6 undefined on input line 158.


LaTeX Warning: Reference `eq:primitive' on page 6 undefined on input line 166.


LaTeX Warning: Reference `sec:q2' on page 6 undefined on input line 167.


LaTeX Warning: Reference `sec:q4' on page 6 undefined on input line 168.


LaTeX Warning: Reference `eq:primitive' on page 6 undefined on input line 180.

[6]) (./sections/q1.tex

LaTeX Warning: Reference `sec:common-model' on page 7 undefined on input line 1
6.


LaTeX Warning: Reference `fig:q1-workflow' on page 7 undefined on input line 18
.


LaTeX Warning: Reference `eq:heat' on page 7 undefined on input line 31.


LaTeX Warning: Reference `eq:moisture' on page 7 undefined on input line 31.


LaTeX Warning: Reference `ass:midsection' on page 7 undefined on input line 34.



LaTeX Warning: Reference `fig:q1-boundary' on page 7 undefined on input line 36
.


LaTeX Warning: Reference `eq:q1-pde' on page 7 undefined on input line 54.


LaTeX Warning: Reference `eq:boundary' on page 7 undefined on input line 55.

[7]

LaTeX Warning: Reference `eq:q1-bc' on page 8 undefined on input line 68.


LaTeX Warning: Reference `eq:q1-pde' on page 8 undefined on input line 77.


LaTeX Warning: Reference `eq:q1-ring' on page 8 undefined on input line 83.


LaTeX Warning: Reference `eq:q1-flux' on page 8 undefined on input line 93.


LaTeX Warning: Reference `eq:q1-bc' on page 8 undefined on input line 93.


LaTeX Warning: Reference `eq:q1-ode' on page 8 undefined on input line 102.

[8]

LaTeX Warning: Reference `eq:q1-balance' on page 9 undefined on input line 109.



LaTeX Warning: Reference `eq:q1-ode' on page 9 undefined on input line 112.


LaTeX Warning: Citation `scipy' on page 9 undefined on input line 113.


LaTeX Warning: Reference `eq:q1-bdf' on page 9 undefined on input line 125.


LaTeX Warning: Reference `tab:q1-temperature' on page 9 undefined on input line
 133.


LaTeX Warning: Reference `tab:q1-moisture' on page 9 undefined on input line 13
3.

(./tables/q1_temperature.tex) (./tables/q1_moisture.tex) [9]

LaTeX Warning: Reference `fig:q1-profiles' on page 10 undefined on input line 1
67.

[10]

LaTeX Warning: Reference `sec:limitations' on page 11 undefined on input line 2
04.

) (./sections/q2.tex

LaTeX Warning: Reference `sec:common-model' on page 11 undefined on input line 
16.


LaTeX Warning: Reference `fig:q2-workflow' on page 11 undefined on input line 1
9.


LaTeX Warning: Reference `tab:properties' on page 11 undefined on input line 34
.

[11]

LaTeX Warning: Reference `eq:moisture' on page 12 undefined on input line 44.


LaTeX Warning: Reference `eq:heat' on page 12 undefined on input line 45.


LaTeX Warning: Reference `eq:moisture' on page 12 undefined on input line 45.


LaTeX Warning: Reference `eq:boundary' on page 12 undefined on input line 59.


LaTeX Warning: Reference `eq:primitive' on page 12 undefined on input line 72.


LaTeX Warning: Reference `eq:boundary' on page 12 undefined on input line 97.

[12]

LaTeX Warning: Reference `eq:q2-semidscrete' on page 13 undefined on input line
 118.


LaTeX Warning: Citation `scipy' on page 13 undefined on input line 120.


LaTeX Warning: Reference `eq:q2-radau' on page 13 undefined on input line 131.


LaTeX Warning: Reference `tab:q2-temperature' on page 13 undefined on input lin
e 139.


LaTeX Warning: Reference `tab:q2-moisture' on page 13 undefined on input line 1
39.

(./tables/q2_temperature.tex) (./tables/q2_moisture.tex)

LaTeX Warning: Reference `fig:q2-profiles' on page 13 undefined on input line 1
79.

[13] [14]

LaTeX Warning: Reference `fig:q2-mechanism' on page 15 undefined on input line 
200.


LaTeX Warning: Reference `sec:environment-scenarios' on page 15 undefined on in
put line 218.


LaTeX Warning: Citation `dasilva2014' on page 15 undefined on input line 219.


LaTeX Warning: Citation `adrover2020' on page 15 undefined on input line 219.

[15]

LaTeX Warning: Reference `sec:limitations' on page 16 undefined on input line 2
45.

) (./sections/q3.tex

LaTeX Warning: Reference `fig:q3-workflow' on page 16 undefined on input line 1
7.


LaTeX Warning: Reference `eq:q2-radial' on page 16 undefined on input line 34.


LaTeX Warning: Reference `eq:q2-semidscrete' on page 16 undefined on input line
 35.


LaTeX Warning: Reference `eq:q2-robin' on page 16 undefined on input line 35.

[16]

LaTeX Warning: Reference `eq:heat' on page 17 undefined on input line 52.


LaTeX Warning: Reference `eq:boundary' on page 17 undefined on input line 52.


LaTeX Warning: Reference `eq:q3-primitive' on page 17 undefined on input line 6
8.


LaTeX Warning: Reference `eq:q3-extrema-candidates' on page 17 undefined on inp
ut line 85.

[17]

LaTeX Warning: Reference `eq:q3-reconstructed-max' on page 18 undefined on inpu
t line 98.


LaTeX Warning: Reference `eq:q3-local-event-scale' on page 18 undefined on inpu
t line 112.


LaTeX Warning: Reference `tab:q3-moisture' on page 18 undefined on input line 1
41.

(./tables/q3_moisture.tex)

LaTeX Warning: Reference `eq:q3-end-moisture' on page 18 undefined on input lin
e 158.

[18]

LaTeX Warning: Reference `fig:q3-q4-drying' on page 19 undefined on input line 
176.

[19]

LaTeX Warning: Reference `eq:q3-execution' on page 20 undefined on input line 1
88.


LaTeX Warning: Reference `sec:limitations' on page 20 undefined on input line 1
94.


LaTeX Warning: Reference `sec:environment-scenarios' on page 20 undefined on in
put line 200.

) (./sections/q4.tex

LaTeX Warning: Reference `sec:common-model' on page 20 undefined on input line 
10.


LaTeX Warning: Reference `fig:q4-workflow' on page 20 undefined on input line 1
4.


LaTeX Warning: Reference `eq:heat' on page 20 undefined on input line 27.


LaTeX Warning: Reference `eq:boundary' on page 20 undefined on input line 27.

[20]

LaTeX Warning: Citation `adrover2020' on page 21 undefined on input line 49.


LaTeX Warning: Reference `eq:moisture' on page 21 undefined on input line 64.


LaTeX Warning: Reference `eq:radius-map' on page 21 undefined on input line 65.



LaTeX Warning: Reference `eq:heat' on page 21 undefined on input line 78.


LaTeX Warning: Reference `eq:moisture' on page 21 undefined on input line 78.


LaTeX Warning: Reference `eq:boundary' on page 21 undefined on input line 92.


LaTeX Warning: Reference `eq:q4-reference-pde' on page 21 undefined on input li
ne 102.


LaTeX Warning: Reference `sec:limitations' on page 21 undefined on input line 1
08.

[21]

LaTeX Warning: Reference `eq:q4-reference-boundary' on page 22 undefined on inp
ut line 121.


LaTeX Warning: Reference `eq:primitive' on page 22 undefined on input line 135.



LaTeX Warning: Reference `eq:q4-reference-boundary' on page 22 undefined on inp
ut line 150.


LaTeX Warning: Citation `dasilva2014' on page 22 undefined on input line 164.

[22]

LaTeX Warning: Reference `eq:q3-extrema-candidates' on page 23 undefined on inp
ut line 190.


LaTeX Warning: Reference `eq:q3-reconstructed-max' on page 23 undefined on inpu
t line 190.


LaTeX Warning: Reference `eq:q3-execution' on page 23 undefined on input line 1
99.


LaTeX Warning: Reference `tab:q4-moisture' on page 23 undefined on input line 2
10.

(./tables/q4_moisture.tex)

LaTeX Warning: Reference `eq:q4-execution' on page 23 undefined on input line 2
34.

[23]

LaTeX Warning: Reference `fig:q4-shrinkage' on page 24 undefined on input line 
247.


LaTeX Warning: Reference `fig:q3-q4-drying' on page 24 undefined on input line 
254.


LaTeX Warning: Reference `eq:q4-water-ledger' on page 24 undefined on input lin
e 262.

[24]

LaTeX Warning: Reference `sec:limitations' on page 25 undefined on input line 2
70.


Underfull \hbox (badness 1509) in paragraph at lines 267--272
[]\TU/SimSun(0)/m/n/12.045 半 径 重 建 方 式 也 影 响 终 时。|  将 线 性 插 值 改 为 保 形 \TU/lmr/m
/n/12.045 PCHIP\TU/SimSun(0)/m/n/12.045 ，|  临 界 时 间 为
) (./sections/validation_limits.tex

LaTeX Warning: Reference `tab:wholebody' on page 25 undefined on input line 6.


LaTeX Warning: Reference `fig:dimension-reduction' on page 25 undefined on inpu
t line 19.


LaTeX Warning: Reference `tab:wholebody' on page 25 undefined on input line 26.



LaTeX Warning: Reference `tab:wholebody' on page 25 undefined on input line 26.


[25]

LaTeX Warning: Reference `eq:future' on page 26 undefined on input line 35.


LaTeX Warning: Reference `tab:environment' on page 26 undefined on input line 3
5.

[26]

LaTeX Warning: Reference `fig:environment' on page 27 undefined on input line 5
7.

[27]

LaTeX Warning: Reference `sec:common-model' on page 28 undefined on input line 
63.


LaTeX Warning: Reference `eq:q1-balance' on page 28 undefined on input line 64.



LaTeX Warning: Reference `eq:primitive' on page 28 undefined on input line 65.


LaTeX Warning: Reference `eq:q3-extrema-candidates' on page 28 undefined on inp
ut line 66.


LaTeX Warning: Reference `eq:q3-reconstructed-max' on page 28 undefined on inpu
t line 66.


LaTeX Warning: Reference `eq:event' on page 28 undefined on input line 66.


LaTeX Warning: Reference `sec:q4' on page 28 undefined on input line 67.


LaTeX Warning: Reference `sec:q1' on page 28 undefined on input line 68.


LaTeX Warning: Reference `sec:q2' on page 28 undefined on input line 68.


LaTeX Warning: Reference `sec:dimension-validation' on page 28 undefined on inp
ut line 75.


LaTeX Warning: Reference `sec:environment-scenarios' on page 28 undefined on in
put line 77.

[28]

LaTeX Warning: Citation `ashrae' on page 29 undefined on input line 85.


LaTeX Warning: Citation `dasilva2014' on page 29 undefined on input line 90.


LaTeX Warning: Citation `adrover2020' on page 29 undefined on input line 90.


LaTeX Warning: Reference `eq:heat' on page 29 undefined on input line 99.


LaTeX Warning: Citation `fao' on page 29 undefined on input line 99.


LaTeX Warning: Reference `sec:environment-scenarios' on page 29 undefined on in
put line 101.

[29]) (./sections/references.tex
Underfull \hbox (badness 1122) in paragraph at lines 15--19
\TU/lmr/m/n/10.53937 for Continuous and Intermittent Drying of Pears[J]. Foods,
 2020, 9(11): 1577.
) [30] (./sections/appendix.tex [31] [32] [33] [34] [35] [36] [37] [38]
[39] [40] [41] [42] [43] [44] [45] [46] [47] [48] [49] [50] [51] [52] [53]
[54] [55] [56] [57] [58] [59] [60] [61] [62] [63] [64] [65] [66] [67] [68]
[69] [70] [71] [72] [73] [74] [75] [76] [77] [78] [79] [80] [81] [82] [83]
[84] [85] [86] [87] [88] [89] [90] [91] [92] [93] [94] [95] [96] [97] [98]
[99] [100] [101] [102] [103] [104] [105] [106] [107] [108] [109] [110] [111]
[112] [113] [114] [115] [116] [117] [118] [119] [120] [121] [122] [123]
[124] [125] [126] [127] [128] [129] [130] [131] [132] [133] [134] [135]
[136] [137] [138] [139] [140] [141] [142] [143] [144] [145] [146] [147]
[148] [149] [150] [151] [152] [153] [154] [155] [156] [157] [158] [159]
[160] [161] [162] [163] [164] [165] [166] [167] [168] [169] [170]) [171]
(build/main.aux)

LaTeX Warning: There were undefined references.


LaTeX Warning: Label(s) may have changed. Rerun to get cross-references right.


Package rerunfilecheck Warning: File `main.out' has changed.
(rerunfilecheck)                Rerun to get outlines right
(rerunfilecheck)                or use package `bookmark'.

 )
(see the transcript file for additional information)
Output written on build/main.xdv (171 pages, 6002808 bytes).
Transcript written on build/main.log.
Latexmk: Getting log file 'build/main.log'
Latexmk: Examining 'build/main.fls'
Latexmk: Examining 'build/main.log'
Latexmk: References changed.
Latexmk: References changed.
Latexmk: References changed.
Latexmk: Log file says output to 'build/main.xdv'
Latexmk: Using bibtex to make bibliography file(s).
Latexmk: applying rule 'xelatex'...
Rule 'xelatex':  Reasons for rerun
Changed files or newly in use/created:
  build/main.aux
  build/main.out

------------
Run number 2 of rule 'xelatex'
------------
------------
Running 'xelatex -no-pdf -interaction=nonstopmode -halt-on-error -recorder -output-directory="build"  "main.tex"'
------------
This is XeTeX, Version 3.141592653-2.6-0.999998 (TeX Live 2026) (preloaded format=xelatex)
 restricted \write18 enabled.
entering extended mode
(./main.tex
LaTeX2e <2025-11-01>
L3 programming layer <2026-01-19>
(d:/texlive/2026/texmf-dist/tex/latex/ctex/ctexart.cls
(d:/texlive/2026/texmf-dist/tex/latex/ctex/config/ctexbackend.cfg)
(d:/texlive/2026/texmf-dist/tex/latex/l3kernel/expl3.sty
(d:/texlive/2026/texmf-dist/tex/latex/l3backend/l3backend-xetex.def))
Document Class: ctexart 2022/07/14 v2.5.10 Chinese adapter for class article (C
TEX)
(d:/texlive/2026/texmf-dist/tex/latex/ctex/ctexhook.sty)
(d:/texlive/2026/texmf-dist/tex/latex/ctex/ctexpatch.sty)
(d:/texlive/2026/texmf-dist/tex/latex/base/fix-cm.sty
(d:/texlive/2026/texmf-dist/tex/latex/base/ts1enc.def))
(d:/texlive/2026/texmf-dist/tex/latex/ctex/config/ctexopts.cfg)
(d:/texlive/2026/texmf-dist/tex/latex/base/article.cls
Document Class: article 2025/01/22 v1.4n Standard LaTeX document class
(d:/texlive/2026/texmf-dist/tex/latex/base/size12.clo))
(d:/texlive/2026/texmf-dist/tex/latex/ctex/engine/ctex-engine-xetex.def
(d:/texlive/2026/texmf-dist/tex/xelatex/xecjk/xeCJK.sty
(d:/texlive/2026/texmf-dist/tex/latex/l3packages/xtemplate/xtemplate.sty)
(d:/texlive/2026/texmf-dist/tex/latex/fontspec/fontspec.sty
(d:/texlive/2026/texmf-dist/tex/latex/l3packages/xparse/xparse.sty)
(d:/texlive/2026/texmf-dist/tex/latex/fontspec/fontspec-xetex.sty
(d:/texlive/2026/texmf-dist/tex/latex/base/fontenc.sty)
(d:/texlive/2026/texmf-dist/tex/latex/fontspec/fontspec.cfg)))
(d:/texlive/2026/texmf-dist/tex/xelatex/xecjk/xeCJK.cfg)))
(d:/texlive/2026/texmf-dist/tex/latex/zhnumber/zhnumber.sty
(d:/texlive/2026/texmf-dist/tex/latex/zhnumber/zhnumber-utf8.cfg))
(d:/texlive/2026/texmf-dist/tex/latex/ctex/scheme/ctex-scheme-chinese-article.d
ef (d:/texlive/2026/texmf-dist/tex/latex/ctex/config/ctex-name-utf8.cfg))
(d:/texlive/2026/texmf-dist/tex/latex/ctex/ctex-cs4size.clo)
(d:/texlive/2026/texmf-dist/tex/latex/ctex/fontset/ctex-fontset-windows.def))
(d:/texlive/2026/texmf-dist/tex/latex/ctex/config/ctex.cfg)
(d:/texlive/2026/texmf-dist/tex/latex/geometry/geometry.sty
(d:/texlive/2026/texmf-dist/tex/latex/graphics/keyval.sty)
(d:/texlive/2026/texmf-dist/tex/generic/iftex/ifvtex.sty
(d:/texlive/2026/texmf-dist/tex/generic/iftex/iftex.sty)))
(d:/texlive/2026/texmf-dist/tex/latex/amsmath/amsmath.sty
For additional information on amsmath, use the `?' option.
(d:/texlive/2026/texmf-dist/tex/latex/amsmath/amstext.sty
(d:/texlive/2026/texmf-dist/tex/latex/amsmath/amsgen.sty))
(d:/texlive/2026/texmf-dist/tex/latex/amsmath/amsbsy.sty)
(d:/texlive/2026/texmf-dist/tex/latex/amsmath/amsopn.sty))
(d:/texlive/2026/texmf-dist/tex/latex/amsfonts/amssymb.sty
(d:/texlive/2026/texmf-dist/tex/latex/amsfonts/amsfonts.sty))
(d:/texlive/2026/texmf-dist/tex/latex/booktabs/booktabs.sty)
(d:/texlive/2026/texmf-dist/tex/latex/tools/array.sty)
(d:/texlive/2026/texmf-dist/tex/latex/tools/tabularx.sty)
(d:/texlive/2026/texmf-dist/tex/latex/tools/longtable.sty)
(d:/texlive/2026/texmf-dist/tex/latex/graphics/graphicx.sty
(d:/texlive/2026/texmf-dist/tex/latex/graphics/graphics.sty
(d:/texlive/2026/texmf-dist/tex/latex/graphics/trig.sty)
(d:/texlive/2026/texmf-dist/tex/latex/graphics-cfg/graphics.cfg)
(d:/texlive/2026/texmf-dist/tex/latex/graphics-def/xetex.def)))
(d:/texlive/2026/texmf-dist/tex/latex/enumitem/enumitem.sty)
(d:/texlive/2026/texmf-dist/tex/latex/caption/caption.sty
(d:/texlive/2026/texmf-dist/tex/latex/caption/caption3.sty)
(d:/texlive/2026/texmf-dist/tex/latex/caption/ltcaption.sty))
(d:/texlive/2026/texmf-dist/tex/latex/float/float.sty)
(d:/texlive/2026/texmf-dist/tex/latex/placeins/placeins.sty)
(d:/texlive/2026/texmf-dist/tex/latex/xcolor/xcolor.sty
(d:/texlive/2026/texmf-dist/tex/latex/graphics-cfg/color.cfg)
(d:/texlive/2026/texmf-dist/tex/latex/graphics/mathcolor.ltx))
(d:/texlive/2026/texmf-dist/tex/latex/fancyhdr/fancyhdr.sty)
(d:/texlive/2026/texmf-dist/tex/latex/fvextra/fvextra.sty
(d:/texlive/2026/texmf-dist/tex/latex/etoolbox/etoolbox.sty)
(d:/texlive/2026/texmf-dist/tex/latex/fancyvrb/fancyvrb.sty)
(d:/texlive/2026/texmf-dist/tex/latex/upquote/upquote.sty
(d:/texlive/2026/texmf-dist/tex/latex/base/textcomp.sty))
(d:/texlive/2026/texmf-dist/tex/latex/lineno/lineno.sty
(d:/texlive/2026/texmf-dist/tex/latex/kvoptions/kvoptions.sty
(d:/texlive/2026/texmf-dist/tex/generic/ltxcmds/ltxcmds.sty)
(d:/texlive/2026/texmf-dist/tex/latex/kvsetkeys/kvsetkeys.sty))))
(d:/texlive/2026/texmf-dist/tex/latex/needspace/needspace.sty)
(d:/texlive/2026/texmf-dist/tex/latex/xurl/xurl.sty
(d:/texlive/2026/texmf-dist/tex/latex/url/url.sty))
(d:/texlive/2026/texmf-dist/tex/latex/hyperref/hyperref.sty
(d:/texlive/2026/texmf-dist/tex/generic/kvdefinekeys/kvdefinekeys.sty)
(d:/texlive/2026/texmf-dist/tex/generic/pdfescape/pdfescape.sty
(d:/texlive/2026/texmf-dist/tex/generic/pdftexcmds/pdftexcmds.sty
(d:/texlive/2026/texmf-dist/tex/generic/infwarerr/infwarerr.sty)))
(d:/texlive/2026/texmf-dist/tex/latex/hycolor/hycolor.sty)
(d:/texlive/2026/texmf-dist/tex/latex/hyperref/nameref.sty
(d:/texlive/2026/texmf-dist/tex/latex/refcount/refcount.sty)
(d:/texlive/2026/texmf-dist/tex/generic/gettitlestring/gettitlestring.sty))
(d:/texlive/2026/texmf-dist/tex/generic/stringenc/stringenc.sty)
(d:/texlive/2026/texmf-dist/tex/latex/hyperref/pd1enc.def)
(d:/texlive/2026/texmf-dist/tex/generic/intcalc/intcalc.sty)
(d:/texlive/2026/texmf-dist/tex/latex/hyperref/puenc.def)
(d:/texlive/2026/texmf-dist/tex/generic/bitset/bitset.sty
(d:/texlive/2026/texmf-dist/tex/generic/bigintcalc/bigintcalc.sty)))
(d:/texlive/2026/texmf-dist/tex/latex/hyperref/hxetex.def
(d:/texlive/2026/texmf-dist/tex/latex/rerunfilecheck/rerunfilecheck.sty
(d:/texlive/2026/texmf-dist/tex/generic/uniquecounter/uniquecounter.sty)))
(d:/texlive/2026/texmf-dist/tex/latex/microtype/microtype.sty
(d:/texlive/2026/texmf-dist/tex/latex/microtype/microtype-xetex.def)
(d:/texlive/2026/texmf-dist/tex/latex/microtype/microtype.cfg)) (build/main.aux
)
*geometry* driver: auto-detecting
*geometry* detected driver: xetex
(build/main.out) (build/main.out)
(d:/texlive/2026/texmf-dist/tex/latex/microtype/mt-LatinModernRoman.cfg)
(d:/texlive/2026/texmf-dist/tex/latex/amsfonts/umsa.fd)
(d:/texlive/2026/texmf-dist/tex/latex/microtype/mt-msa.cfg)
(d:/texlive/2026/texmf-dist/tex/latex/amsfonts/umsb.fd)
(d:/texlive/2026/texmf-dist/tex/latex/microtype/mt-msb.cfg)
(d:/texlive/2026/texmf-dist/tex/latex/microtype/mt-cmr.cfg) [1]
(./sections/problem_model.tex [2] [3] [4] [5] [6]) (./sections/q1.tex [7]
[8] (./tables/q1_temperature.tex) (./tables/q1_moisture.tex) [9] [10])
(./sections/q2.tex [11] [12] (./tables/q2_temperature.tex)
(./tables/q2_moisture.tex) [13] [14] [15]) (./sections/q3.tex [16] [17]
(./tables/q3_moisture.tex) [18] [19]) (./sections/q4.tex [20] [21] [22]
(./tables/q4_moisture.tex) [23] [24]
Underfull \hbox (badness 1509) in paragraph at lines 267--272
[]\TU/SimSun(0)/m/n/12.045 半 径 重 建 方 式 也 影 响 终 时。|  将 线 性 插 值 改 为 保 形 \TU/lmr/m
/n/12.045 PCHIP\TU/SimSun(0)/m/n/12.045 ，|  临 界 时 间 为
) (./sections/validation_limits.tex [25] [26] [27] [28] [29])
(./sections/references.tex
Underfull \hbox (badness 1122) in paragraph at lines 15--19
\TU/lmr/m/n/10.53937 for Continuous and Intermittent Drying of Pears[J]. Foods,
 2020, 9(11): 1577.
) [30] (./sections/appendix.tex [31] [32] [33] [34] [35] [36] [37] [38]
[39] [40] [41] [42] [43] [44] [45] [46] [47] [48] [49] [50] [51] [52] [53]
[54] [55] [56] [57] [58] [59] [60] [61] [62] [63] [64] [65] [66] [67] [68]
[69] [70] [71] [72] [73] [74] [75] [76] [77] [78] [79] [80] [81] [82] [83]
[84] [85] [86] [87] [88] [89] [90] [91] [92] [93] [94] [95] [96] [97] [98]
[99] [100] [101] [102] [103] [104] [105] [106] [107] [108] [109] [110] [111]
[112] [113] [114] [115] [116] [117] [118] [119] [120] [121] [122] [123]
[124] [125] [126] [127] [128] [129] [130] [131] [132] [133] [134] [135]
[136] [137] [138] [139] [140] [141] [142] [143] [144] [145] [146] [147]
[148] [149] [150] [151] [152] [153] [154] [155] [156] [157] [158] [159]
[160] [161] [162] [163] [164] [165] [166] [167] [168] [169] [170]) [171]
(build/main.aux) )
(see the transcript file for additional information)
Output written on build/main.xdv (171 pages, 6028824 bytes).
Transcript written on build/main.log.
Latexmk: Getting log file 'build/main.log'
Latexmk: Examining 'build/main.fls'
Latexmk: Examining 'build/main.log'
Latexmk: Log file says output to 'build/main.xdv'
Latexmk: Using bibtex to make bibliography file(s).
Latexmk: applying rule 'xdvipdfmx'...
Rule 'xdvipdfmx':  Reasons for rerun
Changed files or newly in use/created:
  build/main.xdv
Category 'changed_source_rules':
  xelatex
Category 'no_dest':
  xdvipdfmx

------------
Run number 1 of rule 'xdvipdfmx'
------------
------------
Running 'xdvipdfmx -E -o "build/main.pdf"  "build/main.xdv"'
------------
build/main.xdv -> build/main.pdf
[1][2][3][4][5][6][7][8][9][10][11][12][13][14][15][16][17][18][19][20][21][22][23][24][25][26][27][28][29][30][31][32][33][34][35][36][37][38][39][40][41][42][43][44][45][46][47][48][49][50][51][52][53][54][55][56][57][58][59][60][61][62][63][64][65][66][67][68][69][70][71][72][73][74][75][76][77][78][79][80][81][82][83][84][85][86][87][88][89][90][91][92][93][94][95][96][97][98][99][100][101][102][103][104][105][106][107][108][109][110][111][112][113][114][115][116][117][118][119][120][121][122][123][124][125][126][127][128][129][130][131][132][133][134][135][136][137][138][139][140][141][142][143][144][145][146][147][148][149][150][151][152][153][154][155][156][157][158][159][160][161][162][163][164][165][166][167][168][169][170][171]
1941354 bytes written
Latexmk: All targets (build/main.xdv build/main.pdf) are up-to-date

Reverting Windows console CPs to (in,out) = (437,65001)
